// Jest Snapshot v1, https://goo.gl/fbAQLP

exports[`Robo CardList expect to render CardList component 1`] = `
ShallowWrapper {
  Symbol(enzyme.__root__): [Circular],
  Symbol(enzyme.__unrendered__): <CardList
    items={
        Array [
            Object {
              "address": Object {
                "city": "Gwenborough",
                "geo": Object {
                  "lat": "-37.3159",
                  "lng": "81.1496",
                },
                "street": "Kulas Light",
                "suite": "Apt. 556",
                "zipcode": "92998-3874",
              },
              "company": Object {
                "bs": "harness real-time e-markets",
                "catchPhrase": "Multi-layered client-server neural-net",
                "name": "Romaguera-Crona",
              },
              "email": "Sincere@april.biz",
              "id": 1,
              "name": "Leanne Graham",
              "phone": "1-770-736-8031 x56442",
              "username": "Bret",
              "website": "hildegard.org",
            },
            Object {
              "address": Object {
                "city": "Wisokyburgh",
                "geo": Object {
                  "lat": "-43.9509",
                  "lng": "-34.4618",
                },
                "street": "Victor Plains",
                "suite": "Suite 879",
                "zipcode": "90566-7771",
              },
              "company": Object {
                "bs": "synergize scalable supply-chains",
                "catchPhrase": "Proactive didactic contingency",
                "name": "Deckow-Crist",
              },
              "email": "Shanna@melissa.tv",
              "id": 2,
              "name": "Ervin Howell",
              "phone": "010-692-6593 x09125",
              "username": "Antonette",
              "website": "anastasia.net",
            },
          ]
    }
/>,
  Symbol(enzyme.__renderer__): Object {
    "batchedUpdates": [Function],
    "getNode": [Function],
    "render": [Function],
    "simulateEvent": [Function],
    "unmount": [Function],
  },
  Symbol(enzyme.__node__): Object {
    "instance": null,
    "key": undefined,
    "nodeType": "host",
    "props": Object {
      "children": Array [
        <Card
          card={
                    Object {
                              "address": Object {
                                "city": "Gwenborough",
                                "geo": Object {
                                  "lat": "-37.3159",
                                  "lng": "81.1496",
                                },
                                "street": "Kulas Light",
                                "suite": "Apt. 556",
                                "zipcode": "92998-3874",
                              },
                              "company": Object {
                                "bs": "harness real-time e-markets",
                                "catchPhrase": "Multi-layered client-server neural-net",
                                "name": "Romaguera-Crona",
                              },
                              "email": "Sincere@april.biz",
                              "id": 1,
                              "name": "Leanne Graham",
                              "phone": "1-770-736-8031 x56442",
                              "username": "Bret",
                              "website": "hildegard.org",
                            }
          }
/>,
        <Card
          card={
                    Object {
                              "address": Object {
                                "city": "Wisokyburgh",
                                "geo": Object {
                                  "lat": "-43.9509",
                                  "lng": "-34.4618",
                                },
                                "street": "Victor Plains",
                                "suite": "Suite 879",
                                "zipcode": "90566-7771",
                              },
                              "company": Object {
                                "bs": "synergize scalable supply-chains",
                                "catchPhrase": "Proactive didactic contingency",
                                "name": "Deckow-Crist",
                              },
                              "email": "Shanna@melissa.tv",
                              "id": 2,
                              "name": "Ervin Howell",
                              "phone": "010-692-6593 x09125",
                              "username": "Antonette",
                              "website": "anastasia.net",
                            }
          }
/>,
      ],
      "className": "row",
    },
    "ref": null,
    "rendered": Array [
      Object {
        "instance": null,
        "key": "0",
        "nodeType": "class",
        "props": Object {
          "card": Object {
            "address": Object {
              "city": "Gwenborough",
              "geo": Object {
                "lat": "-37.3159",
                "lng": "81.1496",
              },
              "street": "Kulas Light",
              "suite": "Apt. 556",
              "zipcode": "92998-3874",
            },
            "company": Object {
              "bs": "harness real-time e-markets",
              "catchPhrase": "Multi-layered client-server neural-net",
              "name": "Romaguera-Crona",
            },
            "email": "Sincere@april.biz",
            "id": 1,
            "name": "Leanne Graham",
            "phone": "1-770-736-8031 x56442",
            "username": "Bret",
            "website": "hildegard.org",
          },
        },
        "ref": null,
        "rendered": null,
        "type": [Function],
      },
      Object {
        "instance": null,
        "key": "1",
        "nodeType": "class",
        "props": Object {
          "card": Object {
            "address": Object {
              "city": "Wisokyburgh",
              "geo": Object {
                "lat": "-43.9509",
                "lng": "-34.4618",
              },
              "street": "Victor Plains",
              "suite": "Suite 879",
              "zipcode": "90566-7771",
            },
            "company": Object {
              "bs": "synergize scalable supply-chains",
              "catchPhrase": "Proactive didactic contingency",
              "name": "Deckow-Crist",
            },
            "email": "Shanna@melissa.tv",
            "id": 2,
            "name": "Ervin Howell",
            "phone": "010-692-6593 x09125",
            "username": "Antonette",
            "website": "anastasia.net",
          },
        },
        "ref": null,
        "rendered": null,
        "type": [Function],
      },
    ],
    "type": "div",
  },
  Symbol(enzyme.__nodes__): Array [
    Object {
      "instance": null,
      "key": undefined,
      "nodeType": "host",
      "props": Object {
        "children": Array [
          <Card
            card={
                        Object {
                                    "address": Object {
                                      "city": "Gwenborough",
                                      "geo": Object {
                                        "lat": "-37.3159",
                                        "lng": "81.1496",
                                      },
                                      "street": "Kulas Light",
                                      "suite": "Apt. 556",
                                      "zipcode": "92998-3874",
                                    },
                                    "company": Object {
                                      "bs": "harness real-time e-markets",
                                      "catchPhrase": "Multi-layered client-server neural-net",
                                      "name": "Romaguera-Crona",
                                    },
                                    "email": "Sincere@april.biz",
                                    "id": 1,
                                    "name": "Leanne Graham",
                                    "phone": "1-770-736-8031 x56442",
                                    "username": "Bret",
                                    "website": "hildegard.org",
                                  }
            }
/>,
          <Card
            card={
                        Object {
                                    "address": Object {
                                      "city": "Wisokyburgh",
                                      "geo": Object {
                                        "lat": "-43.9509",
                                        "lng": "-34.4618",
                                      },
                                      "street": "Victor Plains",
                                      "suite": "Suite 879",
                                      "zipcode": "90566-7771",
                                    },
                                    "company": Object {
                                      "bs": "synergize scalable supply-chains",
                                      "catchPhrase": "Proactive didactic contingency",
                                      "name": "Deckow-Crist",
                                    },
                                    "email": "Shanna@melissa.tv",
                                    "id": 2,
                                    "name": "Ervin Howell",
                                    "phone": "010-692-6593 x09125",
                                    "username": "Antonette",
                                    "website": "anastasia.net",
                                  }
            }
/>,
        ],
        "className": "row",
      },
      "ref": null,
      "rendered": Array [
        Object {
          "instance": null,
          "key": "0",
          "nodeType": "class",
          "props": Object {
            "card": Object {
              "address": Object {
                "city": "Gwenborough",
                "geo": Object {
                  "lat": "-37.3159",
                  "lng": "81.1496",
                },
                "street": "Kulas Light",
                "suite": "Apt. 556",
                "zipcode": "92998-3874",
              },
              "company": Object {
                "bs": "harness real-time e-markets",
                "catchPhrase": "Multi-layered client-server neural-net",
                "name": "Romaguera-Crona",
              },
              "email": "Sincere@april.biz",
              "id": 1,
              "name": "Leanne Graham",
              "phone": "1-770-736-8031 x56442",
              "username": "Bret",
              "website": "hildegard.org",
            },
          },
          "ref": null,
          "rendered": null,
          "type": [Function],
        },
        Object {
          "instance": null,
          "key": "1",
          "nodeType": "class",
          "props": Object {
            "card": Object {
              "address": Object {
                "city": "Wisokyburgh",
                "geo": Object {
                  "lat": "-43.9509",
                  "lng": "-34.4618",
                },
                "street": "Victor Plains",
                "suite": "Suite 879",
                "zipcode": "90566-7771",
              },
              "company": Object {
                "bs": "synergize scalable supply-chains",
                "catchPhrase": "Proactive didactic contingency",
                "name": "Deckow-Crist",
              },
              "email": "Shanna@melissa.tv",
              "id": 2,
              "name": "Ervin Howell",
              "phone": "010-692-6593 x09125",
              "username": "Antonette",
              "website": "anastasia.net",
            },
          },
          "ref": null,
          "rendered": null,
          "type": [Function],
        },
      ],
      "type": "div",
    },
  ],
  Symbol(enzyme.__options__): Object {
    "adapter": ReactSixteenAdapter {
      "options": Object {
        "enableComponentDidUpdateOnSetState": true,
        "lifecycles": Object {
          "componentDidUpdate": Object {
            "onSetState": true,
          },
          "getDerivedStateFromProps": true,
          "getSnapshotBeforeUpdate": true,
          "setState": Object {
            "skipsComponentDidUpdateOnNullish": true,
          },
        },
      },
    },
    "attachTo": undefined,
    "hydrateIn": undefined,
  },
}
`;
